php:
  version: |
    PHP
  modules: |
    Modules
